[2026-03-03 21:51:55 UTC] Checked https://www.oregon.gov/energy/Incentives/Pages/home-energy-rebates.aspx#HER1 | Hash: 7d86d6ef0486... | Previous: None...
[2026-03-03 21:51:55 UTC] First run — baseline established. No alert sent.
[2026-03-03 21:54:07 UTC] Checked https://www.oregon.gov/energy/Incentives/Pages/home-energy-rebates.aspx#HER12 | Hash: 14db39d10ea6... | Previous: 7d86d6ef0486...
[2026-03-03 21:54:07 UTC] ALERT: https://www.oregon.gov/energy/Incentives/Pages/home-energy-rebates.aspx#HER12 has changed.
[2026-03-03 21:54:07 UTC] SMS failed: Sorry, ability to send URLs via text is limited to verified accounts. Please go to https://textbelt.com/whitelist?key=1e4cba71c3acba0db91a8560a9f5a094152e3a25IHL8Z2dh8Cwyu7W7Rc93rEXIM or email support@textbelt.com with your use case and we will verify your key ASAP.
[2026-03-03 21:55:55 UTC] Checked https://www.oregon.gov/ | Hash: e3447910fd8e... | Previous: 14db39d10ea6...
[2026-03-03 21:55:55 UTC] ALERT: https://www.oregon.gov/ has changed.
[2026-03-03 21:55:55 UTC] SMS failed: Sorry, ability to send URLs via text is limited to verified accounts. Please go to https://textbelt.com/whitelist?key=1e4cba71c3acba0db91a8560a9f5a094152e3a25IHL8Z2dh8Cwyu7W7Rc93rEXIM or email support@textbelt.com with your use case and we will verify your key ASAP.
[2026-03-03 22:00:28 UTC] Checked https://www.oregon.gov/ | Hash: e3447910fd8e... | Previous: e3447910fd8e...
[2026-03-03 22:00:28 UTC] No change detected.
[2026-03-03 22:07:20 UTC] Checked https://www.oregon.gov/energy/Incentives/Pages/home-energy-rebates.aspx#HER1 | Hash: efac2151ce6c... | Previous: e3447910fd8e...
[2026-03-03 22:07:20 UTC] ALERT: https://www.oregon.gov/energy/Incentives/Pages/home-energy-rebates.aspx#HER1 has changed.
[2026-03-03 22:07:20 UTC] SMS failed: Sorry, ability to send URLs via text is limited to verified accounts. Please go to https://textbelt.com/whitelist?key=1e4cba71c3acba0db91a8560a9f5a094152e3a25IHL8Z2dh8Cwyu7W7Rc93rEXIM or email support@textbelt.com with your use case and we will verify your key ASAP.
[2026-03-03 22:15:08 UTC] Checked https://www.google.com | Hash: d409b3a991ea... | Previous: efac2151ce6c...
[2026-03-03 22:15:08 UTC] ALERT: The webpage you are monitoring has changed.
[2026-03-03 22:15:09 UTC] SMS sent. Remaining quota: 194
[2026-03-03 23:33:08 UTC] Checked https://www.google.com | Hash: 8c7be3de2320... | Previous: d409b3a991ea...
[2026-03-03 23:33:08 UTC] Home Energy Rebate Programs update
[2026-03-03 23:33:09 UTC] SMS sent. Remaining quota: 193
[2026-03-04 10:59:44 UTC] Checked https://www.oregon.gov/energy/Incentives/Pages/home-energy-rebates.aspx#HER1 | Hash: 425282ead951... | Previous: 8c7be3de2320...
[2026-03-04 10:59:44 UTC] Home Energy Rebate Programs update
[2026-03-04 10:59:45 UTC] SMS sent. Remaining quota: 192
[2026-03-05 03:44:37 UTC] Checked https://www.oregon.gov/energy/Incentives/Pages/home-energy-rebates.aspx#HER1 | Hash: db5ba6ef57ab... | Previous: 425282ead951...
[2026-03-05 03:44:37 UTC] Home Energy Rebate Programs update
[2026-03-05 03:44:38 UTC] SMS sent. Remaining quota: 191
[2026-03-05 03:44:38 UTC] Watch text found on first run — baseline established.
[2026-03-05 03:49:18 UTC] Checked https://www.google.com/ | Hash: 2b6f28fb186c... | Previous: db5ba6ef57ab...
[2026-03-05 03:49:18 UTC] Home Energy Rebate Programs update
[2026-03-05 03:49:19 UTC] SMS sent. Remaining quota: 190
[2026-03-05 03:49:19 UTC] Watch text gone missing: 
[2026-03-05 03:49:19 UTC] SMS failed: Missing message parameter. Your request may be malformed.
[2026-03-05 03:51:13 UTC] Checked https://www.google.com/ | Hash: 0655d241f9b0... | Previous: 2b6f28fb186c...
[2026-03-05 03:51:13 UTC] Home Energy Rebate Programs update
[2026-03-05 03:51:14 UTC] SMS sent. Remaining quota: 189
[2026-03-05 03:51:14 UTC] Watch text still missing — already alerted.
[2026-03-05 03:54:58 UTC] Checked https://www.oregon.gov/energy/Incentives/Pages/home-energy-rebates.aspx#HER1 | Hash: ac268ff2d726... | Previous: 0655d241f9b0...
[2026-03-05 03:54:58 UTC] Home Energy Rebate Programs update
[2026-03-05 03:54:59 UTC] SMS sent. Remaining quota: 187
[2026-03-05 03:54:59 UTC] Watch text present — OK.
[2026-03-05 03:56:11 UTC] Checked https://www.google.com/ | Hash: c2fad8a80d7f... | Previous: ac268ff2d726...
[2026-03-05 03:56:11 UTC] Home Energy Rebate Programs update
[2026-03-05 03:56:12 UTC] SMS sent. Remaining quota: 186
[2026-03-05 03:56:12 UTC] Watch text gone missing: Home Energy Rebate alert triggered
[2026-03-05 03:56:12 UTC] SMS sent. Remaining quota: 185
[2026-03-05 11:06:27 UTC] Checked https://www.oregon.gov/energy/Incentives/Pages/home-energy-rebates.aspx#HER1 | Hash: 24be0a50f935... | Previous: c2fad8a80d7f...
[2026-03-05 11:06:27 UTC] Home Energy Rebate Programs update
[2026-03-05 11:06:28 UTC] SMS sent. Remaining quota: 181
[2026-03-05 11:06:28 UTC] Watch text present — OK.
[2026-03-05 17:58:39 UTC] Checked https://www.google.com/ | Hash: f03e4a441c28... | Previous: 24be0a50f935...
[2026-03-05 17:58:39 UTC] Home Energy Rebate Programs update
[2026-03-05 17:58:40 UTC] SMS sent. Remaining quota: 180
[2026-03-05 17:58:40 UTC] Watch text gone missing: Home Energy Rebate alert triggered
[2026-03-05 17:58:40 UTC] SMS sent. Remaining quota: 179
[2026-03-05 18:06:44 UTC] Checked https://www.oregon.gov/energy/Incentives/Pages/home-energy-rebates.aspx#HER1 | Hash: f34ee0299aa5... | Previous: f03e4a441c28...
[2026-03-05 18:06:44 UTC] Home Energy Rebate Programs update
[2026-03-05 18:06:45 UTC] SMS sent. Remaining quota: 176
[2026-03-05 18:26:40 UTC] Checked https://www.oregon.gov/energy/Incentives/Pages/home-energy-rebates.aspx#HER1 | Hash: f34ee0299aa5... | Previous: f34ee0299aa5...
[2026-03-05 18:26:40 UTC] No change detected.
[2026-03-05 18:29:43 UTC] Checked https://www.oregon.gov/energy/Incentives/Pages/home-energy-rebates.aspx#HER1 | Hash: d1e99b2e845c... | Previous: f34ee0299aa5...
[2026-03-05 18:29:43 UTC] Home Energy Rebate Programs update
[2026-03-05 18:29:43 UTC] SMS sent. Remaining quota: 175
[2026-03-05 18:42:11 UTC] Watch text present — OK.
[2026-03-05 18:43:39 UTC] Watch text gone missing: Home Energy Rebate alert triggered
[2026-03-05 18:43:41 UTC] SMS sent. Remaining quota: 174
[2026-03-06 10:06:07 UTC] Watch text present — OK.
[2026-03-07 09:52:43 UTC] Watch text present — OK.
[2026-03-08 09:54:00 UTC] Watch text present — OK.
[2026-03-09 11:09:46 UTC] Watch text present — OK.
[2026-03-10 11:06:52 UTC] Watch text present — OK.
[2026-03-11 11:05:54 UTC] Watch text present — OK.
[2026-03-12 11:05:12 UTC] Watch text present — OK.
[2026-03-13 11:00:13 UTC] Watch text present — OK.
[2026-03-14 09:58:20 UTC] Watch text present — OK.
[2026-03-15 10:00:04 UTC] Watch text present — OK.
[2026-03-16 11:35:50 UTC] Watch text present — OK.
[2026-03-17 11:33:03 UTC] Watch text present — OK.
[2026-03-18 11:34:00 UTC] Watch text present — OK.
[2026-03-19 11:08:42 UTC] Watch text present — OK.
[2026-03-20 11:00:20 UTC] Watch text present — OK.
[2026-03-21 09:56:06 UTC] Watch text present — OK.
[2026-03-22 09:57:28 UTC] Watch text present — OK.
[2026-03-23 11:32:54 UTC] Watch text present — OK.
[2026-03-24 11:34:18 UTC] Watch text present — OK.
[2026-03-25 11:27:57 UTC] Watch text present — OK.
[2026-03-26 11:37:48 UTC] Watch text present — OK.
[2026-03-27 11:30:20 UTC] Watch text present — OK.
[2026-03-28 10:03:51 UTC] Watch text present — OK.
[2026-03-29 10:04:28 UTC] Watch text present — OK.
[2026-03-30 12:03:50 UTC] Watch text present — OK.
[2026-03-31 11:37:22 UTC] Watch text present — OK.
[2026-04-01 11:40:01 UTC] Watch text present — OK.
[2026-04-02 11:34:34 UTC] Watch text present — OK.
[2026-04-03 11:25:14 UTC] Watch text present — OK.
[2026-04-04 09:27:07 UTC] Watch text present — OK.
[2026-04-05 09:28:43 UTC] Watch text present — OK.
[2026-04-06 09:58:32 UTC] Watch text present — OK.
[2026-04-07 09:57:16 UTC] Watch text present — OK.
[2026-04-08 09:57:38 UTC] Watch text present — OK.
[2026-04-09 10:01:52 UTC] Watch text present — OK.
[2026-04-10 09:58:54 UTC] Watch text present — OK.
[2026-04-11 09:29:55 UTC] Watch text present — OK.
[2026-04-12 09:35:51 UTC] Watch text present — OK.
[2026-04-13 10:24:59 UTC] Watch text present — OK.
[2026-04-14 10:05:31 UTC] Watch text present — OK.
[2026-04-15 10:06:40 UTC] Watch text present — OK.
[2026-04-16 10:06:10 UTC] Watch text present — OK.
[2026-04-17 10:03:46 UTC] Watch text present — OK.
[2026-04-18 09:37:19 UTC] Watch text present — OK.
[2026-04-19 09:37:29 UTC] Watch text present — OK.
[2026-04-20 10:25:56 UTC] Watch text present — OK.
[2026-04-21 10:09:40 UTC] Watch text present — OK.
[2026-04-22 10:09:02 UTC] Watch text present — OK.
[2026-04-23 10:13:12 UTC] Watch text present — OK.
[2026-04-24 10:14:24 UTC] Watch text present — OK.
[2026-04-25 09:41:04 UTC] Watch text present — OK.
[2026-04-26 09:42:32 UTC] Watch text present — OK.
[2026-04-27 10:51:36 UTC] Watch text present — OK.
[2026-04-28 10:52:39 UTC] Watch text present — OK.
[2026-04-29 10:45:41 UTC] Watch text present — OK.
[2026-04-30 10:44:19 UTC] Watch text present — OK.
[2026-05-01 10:14:00 UTC] Watch text present — OK.
[2026-05-02 09:52:07 UTC] Watch text present — OK.
[2026-05-03 09:58:09 UTC] Watch text present — OK.
[2026-05-04 10:54:06 UTC] Watch text present — OK.
[2026-05-05 10:26:56 UTC] Watch text present — OK.
[2026-05-06 10:54:26 UTC] Watch text present — OK.
[2026-05-07 10:58:34 UTC] Watch text present — OK.
[2026-05-08 10:15:41 UTC] Watch text present — OK.
[2026-05-09 09:59:21 UTC] Watch text present — OK.
[2026-05-10 10:04:21 UTC] Watch text present — OK.
[2026-05-11 11:55:43 UTC] Watch text present — OK.
[2026-05-12 11:10:14 UTC] Watch text present — OK.
[2026-05-13 11:24:17 UTC] Watch text present — OK.
[2026-05-14 11:08:07 UTC] Watch text present — OK.
[2026-05-15 11:11:50 UTC] Watch text present — OK.
[2026-05-16 10:06:46 UTC] Watch text present — OK.
[2026-05-17 10:16:21 UTC] Watch text present — OK.
[2026-05-18 12:19:29 UTC] Watch text present — OK.
[2026-05-19 11:53:15 UTC] Watch text present — OK.
[2026-05-20 11:40:57 UTC] Watch text present — OK.
[2026-05-21 12:00:03 UTC] Watch text present — OK.
[2026-05-22 11:36:50 UTC] Watch text present — OK.
[2026-05-23 10:20:12 UTC] Watch text present — OK.
[2026-05-24 10:25:29 UTC] Watch text present — OK.
[2026-05-25 12:17:10 UTC] Watch text present — OK.
[2026-05-28 12:17:35 UTC] Watch text present — OK.
[2026-05-29 12:00:31 UTC] Watch text present — OK.
[2026-05-30 10:42:36 UTC] Watch text present — OK.
[2026-05-31 10:50:36 UTC] Watch text present — OK.
[2026-06-01 14:47:34 UTC] Watch text present — OK.
[2026-06-02 12:32:40 UTC] Watch text present — OK.
[2026-06-03 13:04:09 UTC] Watch text present — OK.
[2026-06-04 11:42:54 UTC] Watch text present — OK.
[2026-06-05 11:54:34 UTC] Watch text present — OK.
[2026-06-06 10:48:25 UTC] Watch text present — OK.
[2026-06-07 10:59:12 UTC] Watch text present — OK.
[2026-06-08 12:55:41 UTC] Watch text present — OK.
[2026-06-09 11:51:32 UTC] Watch text present — OK.
[2026-06-10 12:12:08 UTC] Watch text present — OK.
[2026-06-11 12:35:23 UTC] Watch text present — OK.
[2026-06-12 12:09:34 UTC] Watch text present — OK.
[2026-06-13 11:07:56 UTC] Watch text present — OK.
[2026-06-14 11:21:56 UTC] Watch text present — OK.
[2026-06-15 14:53:56 UTC] Watch text present — OK.
[2026-06-16 13:21:02 UTC] Watch text present — OK.
[2026-06-17 12:43:52 UTC] Watch text present — OK.
[2026-06-18 12:15:45 UTC] Watch text present — OK.
[2026-06-19 12:39:03 UTC] Watch text present — OK.
[2026-06-20 11:06:17 UTC] Watch text present — OK.
[2026-06-21 11:38:04 UTC] Watch text present — OK.
[2026-06-22 14:22:32 UTC] Watch text present — OK.
[2026-06-23 11:51:10 UTC] Watch text present — OK.
[2026-06-24 11:36:52 UTC] Watch text present — OK.
[2026-06-25 11:30:55 UTC] Watch text present — OK.
[2026-06-26 11:37:05 UTC] Watch text present — OK.
[2026-06-27 10:51:41 UTC] Watch text present — OK.
[2026-06-28 10:57:08 UTC] Watch text present — OK.
[2026-06-29 12:55:00 UTC] Watch text present — OK.
[2026-06-30 11:37:17 UTC] Watch text present — OK.
[2026-07-01 11:49:00 UTC] Watch text present — OK.
[2026-07-02 11:24:35 UTC] Watch text present — OK.
[2026-07-03 11:23:49 UTC] Watch text present — OK.
[2026-07-04 10:47:21 UTC] Watch text present — OK.
[2026-07-05 10:56:38 UTC] Watch text present — OK.
[2026-07-06 12:34:02 UTC] Watch text present — OK.
[2026-07-07 11:35:46 UTC] Watch text present — OK.
[2026-07-08 10:52:51 UTC] Watch text present — OK.
[2026-07-09 11:43:11 UTC] Watch text present — OK.
[2026-07-10 11:40:59 UTC] Watch text present — OK.
[2026-07-11 10:07:33 UTC] Watch text present — OK.
[2026-07-12 10:16:59 UTC] Watch text present — OK.
[2026-07-13 11:49:11 UTC] Watch text present — OK.
[2026-07-14 10:28:02 UTC] Watch text present — OK.
[2026-07-15 10:40:22 UTC] Watch text present — OK.
[2026-07-16 10:47:41 UTC] Watch text present — OK.
[2026-07-17 10:28:36 UTC] Watch text present — OK.
[2026-07-18 10:07:32 UTC] Watch text present — OK.
[2026-07-19 10:17:41 UTC] Watch text present — OK.
[2026-07-20 11:33:53 UTC] Watch text present — OK.
[2026-07-21 10:54:29 UTC] Watch text present — OK.
[2026-07-22 10:56:33 UTC] Watch text present — OK.
[2026-07-23 10:57:29 UTC] Watch text present — OK.
[2026-07-24 10:51:58 UTC] Watch text present — OK.
[2026-07-25 10:19:14 UTC] Watch text present — OK.
[2026-07-26 10:26:34 UTC] Watch text present — OK.
[2026-07-27 12:08:43 UTC] Watch text present — OK.
[2026-07-28 11:07:51 UTC] Watch text present — OK.
[2026-07-29 11:12:20 UTC] Watch text present — OK.
[2026-07-30 10:56:44 UTC] Watch text present — OK.
[2026-07-31 11:16:29 UTC] Watch text present — OK.
[2026-08-01 10:24:35 UTC] Watch text present — OK.
[2026-08-02 10:23:30 UTC] Watch text present — OK.
[2026-08-03 12:10:06 UTC] Watch text present — OK.
[2026-08-04 11:13:35 UTC] Watch text present — OK.
[2026-08-05 11:10:22 UTC] Watch text present — OK.
[2026-08-06 11:10:40 UTC] Watch text present — OK.
[2026-08-07 09:48:11 UTC] Watch text present — OK.
[2026-08-08 09:25:25 UTC] Watch text present — OK.
[2026-08-09 09:27:17 UTC] Watch text present — OK.
[2026-08-10 10:06:59 UTC] Watch text present — OK.
[2026-08-11 09:48:35 UTC] Watch text present — OK.
[2026-08-12 09:51:35 UTC] Watch text present — OK.
[2026-08-13 09:51:47 UTC] Watch text present — OK.
[2026-08-14 09:49:46 UTC] Watch text present — OK.
[2026-08-15 09:14:38 UTC] Watch text present — OK.
[2026-08-16 09:15:37 UTC] Watch text present — OK.
[2026-08-17 09:28:05 UTC] Watch text present — OK.
[2026-08-18 09:20:07 UTC] Watch text present — OK.
[2026-08-19 09:21:06 UTC] Watch text present — OK.
[2026-08-20 09:21:58 UTC] Watch text present — OK.
[2026-08-21 09:24:06 UTC] Watch text present — OK.
[2026-08-22 09:15:56 UTC] Watch text present — OK.
[2026-08-23 09:16:15 UTC] Watch text present — OK.
[2026-08-24 09:34:31 UTC] Watch text present — OK.
[2026-08-25 09:22:44 UTC] Watch text present — OK.
[2026-08-26 09:28:44 UTC] Watch text present — OK.
[2026-08-27 19:18:23 UTC] Watch text present — OK.
[2026-08-28 20:27:45 UTC] Watch text present — OK.
[2026-08-29 14:03:18 UTC] Watch text present — OK.
[2026-08-30 14:02:56 UTC] Watch text present — OK.
[2026-08-31 16:28:24 UTC] Watch text present — OK.
[2026-09-01 13:45:27 UTC] Watch text present — OK.
[2026-09-02 13:02:15 UTC] Watch text present — OK.
[2026-09-03 13:04:35 UTC] Watch text present — OK.
[2026-09-04 12:59:04 UTC] Watch text present — OK.
[2026-09-05 12:11:24 UTC] Watch text present — OK.
[2026-09-06 12:25:53 UTC] Watch text present — OK.
[2026-09-07 14:32:43 UTC] Watch text present — OK.
[2026-09-08 13:08:12 UTC] Watch text present — OK.
[2026-09-09 13:13:20 UTC] Watch text present — OK.
