[2026-07-21 18:25:14 UTC] ERROR fetching https://www.stringandshadow.com/calendar: Page.goto: Timeout 60000ms exceeded.
Call log:
  - navigating to "https://www.stringandshadow.com/calendar", waiting until "networkidle"

[2026-07-21 18:27:59 UTC] [Aug 21 Portland, OR show (String & Shadow)] section FOUND | fp 2913c83ba295... | prev None...
[2026-07-21 18:27:59 UTC] First run — baseline established. No alert sent.
[2026-07-21 18:27:59 UTC] Captured section:
AUGUST 21 - Portland, OR - 7pm - River Street Studios - $20-$35 suggested donation (at the door only)
[2026-07-21 18:42:22 UTC] ERROR fetching https://www.stringandshadow.com/calendar: Page.goto: Timeout 60000ms exceeded.
Call log:
  - navigating to "https://www.stringandshadow.com/calendar", waiting until "networkidle"
[2026-07-21 19:08:10 UTC] [Aug 21 Portland, OR show (String & Shadow)] section FOUND | fp 2913c83ba295... | prev 2913c83ba295...
[2026-07-21 19:08:10 UTC] No change detected.
[2026-07-21 19:16:05 UTC] [Aug 21 Portland, OR show (String & Shadow)] section FOUND | fp 2913c83ba295... | prev 2913c83ba295...
[2026-07-21 19:16:05 UTC] No change detected.
[2026-07-21 19:36:02 UTC] [Aug 21 Portland, OR show (String & Shadow)] section FOUND | fp 2913c83ba295... | prev 2913c83ba295...
[2026-07-21 19:36:02 UTC] No change detected.
[2026-07-22 15:01:19 UTC] [Aug 21 Portland, OR show (String & Shadow)] section FOUND | fp 2913c83ba295... | prev 2913c83ba295...
[2026-07-22 15:01:19 UTC] No change detected.
[2026-07-23 15:04:57 UTC] [Aug 21 Portland, OR show (String & Shadow)] section FOUND | fp 2913c83ba295... | prev 2913c83ba295...
[2026-07-23 15:04:57 UTC] No change detected.
[2026-07-24 14:50:49 UTC] [Aug 21 Portland, OR show (String & Shadow)] section FOUND | fp 2913c83ba295... | prev 2913c83ba295...
[2026-07-24 14:50:49 UTC] No change detected.
[2026-07-25 14:28:32 UTC] [Aug 21 Portland, OR show (String & Shadow)] section FOUND | fp 2913c83ba295... | prev 2913c83ba295...
[2026-07-25 14:28:32 UTC] No change detected.
[2026-07-26 14:26:51 UTC] [Aug 21 Portland, OR show (String & Shadow)] section FOUND | fp 2913c83ba295... | prev 2913c83ba295...
[2026-07-26 14:26:51 UTC] No change detected.
[2026-07-27 15:39:41 UTC] [Aug 21 Portland, OR show (String & Shadow)] section FOUND | fp 2913c83ba295... | prev 2913c83ba295...
[2026-07-27 15:39:41 UTC] No change detected.
[2026-07-28 15:17:02 UTC] [Aug 21 Portland, OR show (String & Shadow)] section FOUND | fp 2913c83ba295... | prev 2913c83ba295...
[2026-07-28 15:17:02 UTC] No change detected.
[2026-07-29 15:07:07 UTC] [Aug 21 Portland, OR show (String & Shadow)] section FOUND | fp 2913c83ba295... | prev 2913c83ba295...
[2026-07-29 15:07:07 UTC] No change detected.
[2026-07-30 15:07:54 UTC] [Aug 21 Portland, OR show (String & Shadow)] section FOUND | fp 2913c83ba295... | prev 2913c83ba295...
[2026-07-30 15:07:54 UTC] No change detected.
[2026-07-31 15:16:11 UTC] [Aug 21 Portland, OR show (String & Shadow)] section FOUND | fp 2913c83ba295... | prev 2913c83ba295...
[2026-07-31 15:16:11 UTC] No change detected.
[2026-08-01 14:24:36 UTC] [Aug 21 Portland, OR show (String & Shadow)] section FOUND | fp 2913c83ba295... | prev 2913c83ba295...
[2026-08-01 14:24:36 UTC] No change detected.
[2026-08-02 14:26:10 UTC] [Aug 21 Portland, OR show (String & Shadow)] section FOUND | fp 2913c83ba295... | prev 2913c83ba295...
[2026-08-02 14:26:10 UTC] No change detected.
[2026-08-03 15:40:36 UTC] [Aug 21 Portland, OR show (String & Shadow)] section FOUND | fp 2913c83ba295... | prev 2913c83ba295...
[2026-08-03 15:40:36 UTC] No change detected.
[2026-08-04 15:23:29 UTC] [Aug 21 Portland, OR show (String & Shadow)] section FOUND | fp 2913c83ba295... | prev 2913c83ba295...
[2026-08-04 15:23:29 UTC] No change detected.
[2026-08-05 15:11:10 UTC] [Aug 21 Portland, OR show (String & Shadow)] section FOUND | fp 2913c83ba295... | prev 2913c83ba295...
[2026-08-05 15:11:10 UTC] No change detected.
[2026-08-06 15:10:38 UTC] [Aug 21 Portland, OR show (String & Shadow)] section FOUND | fp 2913c83ba295... | prev 2913c83ba295...
[2026-08-06 15:10:38 UTC] No change detected.
[2026-08-07 14:19:29 UTC] [Aug 21 Portland, OR show (String & Shadow)] section FOUND | fp 2913c83ba295... | prev 2913c83ba295...
[2026-08-07 14:19:29 UTC] No change detected.
[2026-08-08 13:41:10 UTC] [Aug 21 Portland, OR show (String & Shadow)] section FOUND | fp 2913c83ba295... | prev 2913c83ba295...
[2026-08-08 13:41:10 UTC] No change detected.
[2026-08-09 13:44:43 UTC] [Aug 21 Portland, OR show (String & Shadow)] section FOUND | fp 2913c83ba295... | prev 2913c83ba295...
[2026-08-09 13:44:43 UTC] No change detected.
[2026-08-10 14:18:03 UTC] [Aug 21 Portland, OR show (String & Shadow)] section FOUND | fp 2913c83ba295... | prev 2913c83ba295...
[2026-08-10 14:18:03 UTC] No change detected.
[2026-08-11 14:17:02 UTC] [Aug 21 Portland, OR show (String & Shadow)] section FOUND | fp 2913c83ba295... | prev 2913c83ba295...
[2026-08-11 14:17:02 UTC] No change detected.
[2026-08-12 14:18:21 UTC] [Aug 21 Portland, OR show (String & Shadow)] section FOUND | fp 2913c83ba295... | prev 2913c83ba295...
[2026-08-12 14:18:21 UTC] No change detected.
[2026-08-13 14:20:28 UTC] [Aug 21 Portland, OR show (String & Shadow)] section FOUND | fp 2913c83ba295... | prev 2913c83ba295...
[2026-08-13 14:20:28 UTC] No change detected.
[2026-08-14 14:13:37 UTC] [Aug 21 Portland, OR show (String & Shadow)] section FOUND | fp 2913c83ba295... | prev 2913c83ba295...
[2026-08-14 14:13:37 UTC] No change detected.
[2026-08-15 13:26:12 UTC] [Aug 21 Portland, OR show (String & Shadow)] section FOUND | fp 2913c83ba295... | prev 2913c83ba295...
[2026-08-15 13:26:12 UTC] No change detected.
[2026-08-16 13:26:53 UTC] [Aug 21 Portland, OR show (String & Shadow)] section FOUND | fp 2913c83ba295... | prev 2913c83ba295...
[2026-08-16 13:26:53 UTC] No change detected.
[2026-08-17 13:35:39 UTC] [Aug 21 Portland, OR show (String & Shadow)] section FOUND | fp 2913c83ba295... | prev 2913c83ba295...
[2026-08-17 13:35:39 UTC] No change detected.
[2026-08-18 13:38:07 UTC] [Aug 21 Portland, OR show (String & Shadow)] section FOUND | fp 2913c83ba295... | prev 2913c83ba295...
[2026-08-18 13:38:07 UTC] No change detected.
[2026-08-19 13:40:11 UTC] [Aug 21 Portland, OR show (String & Shadow)] section FOUND | fp 2913c83ba295... | prev 2913c83ba295...
[2026-08-19 13:40:11 UTC] No change detected.
[2026-08-20 13:42:06 UTC] [Aug 21 Portland, OR show (String & Shadow)] section FOUND | fp 2913c83ba295... | prev 2913c83ba295...
[2026-08-20 13:42:06 UTC] No change detected.
[2026-08-21 13:40:33 UTC] [Aug 21 Portland, OR show (String & Shadow)] section FOUND | fp 2913c83ba295... | prev 2913c83ba295...
[2026-08-21 13:40:33 UTC] No change detected.
[2026-08-22 13:27:11 UTC] [Aug 21 Portland, OR show (String & Shadow)] section FOUND | fp 2913c83ba295... | prev 2913c83ba295...
[2026-08-22 13:27:11 UTC] No change detected.
[2026-08-23 13:27:39 UTC] [Aug 21 Portland, OR show (String & Shadow)] section FOUND | fp 2913c83ba295... | prev 2913c83ba295...
[2026-08-23 13:27:39 UTC] No change detected.
[2026-08-24 13:45:54 UTC] [Aug 21 Portland, OR show (String & Shadow)] section FOUND | fp 2913c83ba295... | prev 2913c83ba295...
[2026-08-24 13:45:54 UTC] No change detected.
[2026-08-25 13:44:06 UTC] [Aug 21 Portland, OR show (String & Shadow)] section FOUND | fp 2913c83ba295... | prev 2913c83ba295...
[2026-08-25 13:44:06 UTC] No change detected.
[2026-08-26 13:50:42 UTC] [Aug 21 Portland, OR show (String & Shadow)] section FOUND | fp 2913c83ba295... | prev 2913c83ba295...
[2026-08-26 13:50:42 UTC] No change detected.
[2026-08-27 22:44:23 UTC] [Aug 21 Portland, OR show (String & Shadow)] section FOUND | fp 2913c83ba295... | prev 2913c83ba295...
[2026-08-27 22:44:23 UTC] No change detected.
[2026-08-28 22:51:06 UTC] [Aug 21 Portland, OR show (String & Shadow)] section FOUND | fp 2913c83ba295... | prev 2913c83ba295...
[2026-08-28 22:51:06 UTC] No change detected.
[2026-08-29 16:57:16 UTC] [Aug 21 Portland, OR show (String & Shadow)] section FOUND | fp 2913c83ba295... | prev 2913c83ba295...
[2026-08-29 16:57:16 UTC] No change detected.
[2026-08-30 17:08:07 UTC] [Aug 21 Portland, OR show (String & Shadow)] section FOUND | fp 2913c83ba295... | prev 2913c83ba295...
[2026-08-30 17:08:07 UTC] No change detected.
[2026-08-31 19:21:32 UTC] [Aug 21 Portland, OR show (String & Shadow)] section FOUND | fp 2913c83ba295... | prev 2913c83ba295...
[2026-08-31 19:21:32 UTC] No change detected.
[2026-09-01 17:07:02 UTC] [Aug 21 Portland, OR show (String & Shadow)] section FOUND | fp 2913c83ba295... | prev 2913c83ba295...
[2026-09-01 17:07:02 UTC] No change detected.
[2026-09-02 16:57:24 UTC] [Aug 21 Portland, OR show (String & Shadow)] section FOUND | fp 2913c83ba295... | prev 2913c83ba295...
[2026-09-02 16:57:24 UTC] No change detected.
[2026-09-03 16:51:57 UTC] [Aug 21 Portland, OR show (String & Shadow)] section FOUND | fp 2913c83ba295... | prev 2913c83ba295...
[2026-09-03 16:51:57 UTC] No change detected.
[2026-09-04 16:42:06 UTC] [Aug 21 Portland, OR show (String & Shadow)] section FOUND | fp 2913c83ba295... | prev 2913c83ba295...
[2026-09-04 16:42:06 UTC] No change detected.
[2026-09-05 15:45:15 UTC] [Aug 21 Portland, OR show (String & Shadow)] section FOUND | fp 2913c83ba295... | prev 2913c83ba295...
[2026-09-05 15:45:15 UTC] No change detected.
[2026-09-06 15:57:05 UTC] [Aug 21 Portland, OR show (String & Shadow)] section FOUND | fp 2913c83ba295... | prev 2913c83ba295...
[2026-09-06 15:57:05 UTC] No change detected.
